// Jest Snapshot v1, https://goo.gl/fbAQLP

exports[`SyncBailHook call empty 1`] = `true`;

exports[`SyncBailHook call empty 2`] = `true`;

exports[`SyncBailHook call empty 3`] = `
[
  [
    1,
  ],
  [
    2,
  ],
]
`;

exports[`SyncBailHook call empty 4`] = `
[
  [
    1,
  ],
  [
    2,
  ],
]
`;

exports[`SyncBailHook call multi 1`] = `true`;

exports[`SyncBailHook call multi 2`] = `true`;

exports[`SyncBailHook call multi 3`] = `
[
  [
    "hooks",
    0,
    1,
  ],
  [
    "hooks",
    0,
    2,
  ],
]
`;

exports[`SyncBailHook call multi 4`] = `
[
  [
    "hooks",
    0,
    1,
  ],
  [
    "hooks",
    0,
    2,
  ],
]
`;

exports[`SyncBailHook call single 1`] = `true`;

exports[`SyncBailHook call single 2`] = `true`;

exports[`SyncBailHook call single 3`] = `
[
  [
    "hooks",
    1,
  ],
  [
    "hooks",
    2,
  ],
]
`;

exports[`SyncBailHook call single 4`] = `
[
  [
    "hooks",
    1,
  ],
  [
    "hooks",
    2,
  ],
]
`;
