// Jest Snapshot v1, https://goo.gl/fbAQLP

exports[`SyncHook call empty 1`] = `undefined`;

exports[`SyncHook call empty 2`] = `undefined`;

exports[`SyncHook call empty 3`] = `
[
  [
    1,
  ],
  [
    2,
  ],
  [
    3,
  ],
]
`;

exports[`SyncHook call empty 4`] = `
[
  [
    1,
  ],
  [
    2,
  ],
  [
    3,
  ],
]
`;

exports[`SyncHook call multi 1`] = `undefined`;

exports[`SyncHook call multi 2`] = `undefined`;

exports[`SyncHook call multi 3`] = `
[
  [
    "hooks",
    0,
    1,
  ],
  [
    "hooks",
    0,
    2,
  ],
  [
    "hooks",
    0,
    3,
  ],
]
`;

exports[`SyncHook call multi 4`] = `
[
  [
    "hooks",
    0,
    1,
  ],
  [
    "hooks",
    0,
    2,
  ],
  [
    "hooks",
    0,
    3,
  ],
]
`;

exports[`SyncHook call single 1`] = `undefined`;

exports[`SyncHook call single 2`] = `undefined`;

exports[`SyncHook call single 3`] = `
[
  [
    "hooks",
    1,
  ],
  [
    "hooks",
    2,
  ],
  [
    "hooks",
    3,
  ],
]
`;

exports[`SyncHook call single 4`] = `
[
  [
    "hooks",
    1,
  ],
  [
    "hooks",
    2,
  ],
  [
    "hooks",
    3,
  ],
]
`;
